2025-07-03 12:22:31,926 - __main__ - INFO - Starting Community Detection project...
2025-07-03 12:22:31,926 - __main__ - INFO - Setting up Cora dataset...
2025-07-03 12:22:31,926 - src.data_loader - INFO - Cora dataset already exists
2025-07-03 12:22:31,994 - src.data_loader - INFO - Loaded 2708 papers and 5429 citations
2025-07-03 12:22:32,404 - src.data_loader - INFO - Preprocessed data saved to /Users/emre/code/projects/ege-uni/community-detection-graph/data/cora/cora.content and /Users/emre/code/projects/ege-uni/community-detection-graph/data/cora/cora.cites
2025-07-03 12:22:32,405 - src.data_loader - INFO - Cora dataset already exists
2025-07-03 12:22:32,471 - src.data_loader - INFO - Loaded 2708 papers and 5429 citations
2025-07-03 12:22:32,473 - __main__ - INFO - Dataset info: {'classes': ['Neural_Networks', 'Probabilistic_Methods', 'Genetic_Algorithms', 'Theory', 'Case_Based', 'Reinforcement_Learning', 'Rule_Learning'], 'counts': [818, 426, 418, 351, 298, 217, 180], 'num_classes': 7}
2025-07-03 12:22:32,500 - src.neo4j_manager - INFO - Successfully connected to Neo4j database
2025-07-03 12:22:32,500 - __main__ - INFO - Running classical community detection algorithms...
2025-07-03 12:22:32,500 - __main__ - INFO - Loading data into Neo4j...
2025-07-03 12:22:32,509 - src.neo4j_manager - INFO - Database cleared
2025-07-03 12:22:35,837 - src.neo4j_manager - INFO - Loaded 2708 papers and 5429 citations
2025-07-03 12:22:35,837 - __main__ - INFO - Running Louvain algorithm...
2025-07-03 12:22:35,840 - src.neo4j_manager - INFO - No existing cora-graph projection to drop
2025-07-03 12:22:37,393 - src.neo4j_manager - INFO - Louvain algorithm completed: <Record communityCount=103 modularities=[0.5385565555805529, 0.7726636466306062, 0.8189921768786304, 0.8201552002998165]>
2025-07-03 12:22:37,393 - __main__ - INFO - Running Label Propagation algorithm...
2025-07-03 12:22:37,412 - src.neo4j_manager - INFO - Label Propagation completed: <Record communityCount=224 ranIterations=8>
2025-07-03 12:22:37,412 - __main__ - INFO - Classical algorithms completed
2025-07-03 12:22:37,531 - src.neo4j_manager - INFO - Retrieved 2708 nodes and 5429 edges
2025-07-03 12:22:37,531 - __main__ - INFO - Preparing PyTorch data...
2025-07-03 12:22:37,531 - src.data_loader - INFO - Cora dataset already exists
2025-07-03 12:22:37,597 - src.data_loader - INFO - Loaded 2708 papers and 5429 citations
2025-07-03 12:22:37,642 - src.data_loader - INFO - PyTorch data: 2708 nodes, 1433 features, 5429 edges, 7 classes
2025-07-03 12:22:37,677 - __main__ - INFO - PyTorch data prepared: Data(x=[2708, 1433], edge_index=[2, 5429], y=[2708], paper_ids=[2708], louvain_communities=[2708], lpa_communities=[2708])
2025-07-03 12:22:37,677 - __main__ - INFO - Running GNN experiments...
2025-07-03 12:22:37,677 - __main__ - INFO - Using device: cpu
2025-07-03 12:22:37,684 - __main__ - INFO - Number of communities - Louvain: 103, LPA: 224, True classes: 7
2025-07-03 12:22:37,684 - __main__ - INFO - Training GCN model...
2025-07-03 12:22:37,756 - src.gnn_models - INFO - Epoch 000, Loss: 1.3461
2025-07-03 12:22:38,197 - src.gnn_models - INFO - Epoch 050, Loss: 1.2624
2025-07-03 12:22:38,631 - src.gnn_models - INFO - Epoch 100, Loss: 1.2462
2025-07-03 12:22:39,066 - src.gnn_models - INFO - Epoch 150, Loss: 1.2511
2025-07-03 12:22:39,564 - __main__ - INFO - GCN unsupervised training completed
2025-07-03 12:22:39,584 - src.gnn_models - INFO - Epoch 000, Loss: 2.1333, Val Acc: 0.3727
2025-07-03 12:22:39,678 - src.gnn_models - INFO - Epoch 010, Loss: 0.6847, Val Acc: 0.7946
2025-07-03 12:22:39,769 - src.gnn_models - INFO - Epoch 020, Loss: 0.2938, Val Acc: 0.8253
2025-07-03 12:22:39,840 - src.gnn_models - INFO - Epoch 030, Loss: 0.1754, Val Acc: 0.8167
2025-07-03 12:22:39,909 - src.gnn_models - INFO - Epoch 040, Loss: 0.1453, Val Acc: 0.8032
2025-07-03 12:22:39,979 - src.gnn_models - INFO - Epoch 050, Loss: 0.1220, Val Acc: 0.8044
2025-07-03 12:22:40,051 - src.gnn_models - INFO - Epoch 060, Loss: 0.0877, Val Acc: 0.8081
2025-07-03 12:22:40,122 - src.gnn_models - INFO - Epoch 070, Loss: 0.0833, Val Acc: 0.8020
2025-07-03 12:22:40,192 - src.gnn_models - INFO - Epoch 080, Loss: 0.0896, Val Acc: 0.7983
2025-07-03 12:22:40,262 - src.gnn_models - INFO - Epoch 090, Loss: 0.0748, Val Acc: 0.7983
2025-07-03 12:22:40,331 - src.gnn_models - INFO - Epoch 100, Loss: 0.0691, Val Acc: 0.7921
2025-07-03 12:22:40,401 - src.gnn_models - INFO - Epoch 110, Loss: 0.0580, Val Acc: 0.7872
2025-07-03 12:22:40,471 - src.gnn_models - INFO - Epoch 120, Loss: 0.0566, Val Acc: 0.7884
2025-07-03 12:22:40,541 - src.gnn_models - INFO - Epoch 130, Loss: 0.0427, Val Acc: 0.7823
2025-07-03 12:22:40,611 - src.gnn_models - INFO - Epoch 140, Loss: 0.0419, Val Acc: 0.7835
2025-07-03 12:22:40,681 - src.gnn_models - INFO - Epoch 150, Loss: 0.0483, Val Acc: 0.7860
2025-07-03 12:22:40,751 - src.gnn_models - INFO - Epoch 160, Loss: 0.0357, Val Acc: 0.7872
2025-07-03 12:22:40,822 - src.gnn_models - INFO - Epoch 170, Loss: 0.0394, Val Acc: 0.7921
2025-07-03 12:22:40,891 - src.gnn_models - INFO - Epoch 180, Loss: 0.0465, Val Acc: 0.7983
2025-07-03 12:22:40,962 - src.gnn_models - INFO - Epoch 190, Loss: 0.0384, Val Acc: 0.7921
2025-07-03 12:22:41,026 - __main__ - INFO - GCN semi-supervised training completed
2025-07-03 12:22:41,026 - __main__ - INFO - Training SAGE model...
2025-07-03 12:22:41,058 - src.gnn_models - INFO - Epoch 000, Loss: 1.3942
2025-07-03 12:22:41,654 - src.gnn_models - INFO - Epoch 050, Loss: 1.2697
2025-07-03 12:22:42,246 - src.gnn_models - INFO - Epoch 100, Loss: 1.2532
2025-07-03 12:22:42,843 - src.gnn_models - INFO - Epoch 150, Loss: 1.2429
2025-07-03 12:22:43,463 - __main__ - INFO - SAGE unsupervised training completed
2025-07-03 12:22:43,484 - src.gnn_models - INFO - Epoch 000, Loss: 2.1262, Val Acc: 0.3530
2025-07-03 12:22:43,616 - src.gnn_models - INFO - Epoch 010, Loss: 0.5509, Val Acc: 0.7946
2025-07-03 12:22:43,730 - src.gnn_models - INFO - Epoch 020, Loss: 0.1910, Val Acc: 0.8204
2025-07-03 12:22:43,835 - src.gnn_models - INFO - Epoch 030, Loss: 0.0743, Val Acc: 0.7983
2025-07-03 12:22:43,936 - src.gnn_models - INFO - Epoch 040, Loss: 0.0465, Val Acc: 0.7909
2025-07-03 12:22:44,039 - src.gnn_models - INFO - Epoch 050, Loss: 0.0318, Val Acc: 0.7835
2025-07-03 12:22:44,142 - src.gnn_models - INFO - Epoch 060, Loss: 0.0291, Val Acc: 0.7811
2025-07-03 12:22:44,244 - src.gnn_models - INFO - Epoch 070, Loss: 0.0152, Val Acc: 0.7921
2025-07-03 12:22:44,348 - src.gnn_models - INFO - Epoch 080, Loss: 0.0184, Val Acc: 0.7897
2025-07-03 12:22:44,449 - src.gnn_models - INFO - Epoch 090, Loss: 0.0194, Val Acc: 0.7823
2025-07-03 12:22:44,552 - src.gnn_models - INFO - Epoch 100, Loss: 0.0168, Val Acc: 0.7847
2025-07-03 12:22:44,654 - src.gnn_models - INFO - Epoch 110, Loss: 0.0192, Val Acc: 0.7786
2025-07-03 12:22:44,759 - src.gnn_models - INFO - Epoch 120, Loss: 0.0091, Val Acc: 0.7811
2025-07-03 12:22:44,862 - src.gnn_models - INFO - Epoch 130, Loss: 0.0150, Val Acc: 0.7786
2025-07-03 12:22:44,964 - src.gnn_models - INFO - Epoch 140, Loss: 0.0130, Val Acc: 0.7724
2025-07-03 12:22:45,068 - src.gnn_models - INFO - Epoch 150, Loss: 0.0086, Val Acc: 0.7737
2025-07-03 12:22:45,170 - src.gnn_models - INFO - Epoch 160, Loss: 0.0133, Val Acc: 0.7774
2025-07-03 12:22:45,273 - src.gnn_models - INFO - Epoch 170, Loss: 0.0151, Val Acc: 0.7798
2025-07-03 12:22:45,378 - src.gnn_models - INFO - Epoch 180, Loss: 0.0111, Val Acc: 0.7811
2025-07-03 12:22:45,479 - src.gnn_models - INFO - Epoch 190, Loss: 0.0088, Val Acc: 0.7835
2025-07-03 12:22:45,573 - __main__ - INFO - SAGE semi-supervised training completed
2025-07-03 12:22:45,573 - __main__ - INFO - Training GAT model...
2025-07-03 12:22:45,607 - src.gnn_models - INFO - Epoch 000, Loss: 1.3450
2025-07-03 12:22:46,184 - src.gnn_models - INFO - Epoch 050, Loss: 1.2538
2025-07-03 12:22:46,761 - src.gnn_models - INFO - Epoch 100, Loss: 1.2442
2025-07-03 12:22:47,341 - src.gnn_models - INFO - Epoch 150, Loss: 1.2387
2025-07-03 12:22:47,943 - __main__ - INFO - GAT unsupervised training completed
2025-07-03 12:22:47,960 - src.gnn_models - INFO - Epoch 000, Loss: 2.1536, Val Acc: 0.3358
2025-07-03 12:22:48,086 - src.gnn_models - INFO - Epoch 010, Loss: 0.6634, Val Acc: 0.8106
2025-07-03 12:22:48,197 - src.gnn_models - INFO - Epoch 020, Loss: 0.2759, Val Acc: 0.8352
2025-07-03 12:22:48,296 - src.gnn_models - INFO - Epoch 030, Loss: 0.1702, Val Acc: 0.8327
2025-07-03 12:22:48,396 - src.gnn_models - INFO - Epoch 040, Loss: 0.1028, Val Acc: 0.8253
2025-07-03 12:22:48,496 - src.gnn_models - INFO - Epoch 050, Loss: 0.0858, Val Acc: 0.8253
2025-07-03 12:22:48,595 - src.gnn_models - INFO - Epoch 060, Loss: 0.0720, Val Acc: 0.8143
2025-07-03 12:22:48,696 - src.gnn_models - INFO - Epoch 070, Loss: 0.0595, Val Acc: 0.8216
2025-07-03 12:22:48,795 - src.gnn_models - INFO - Epoch 080, Loss: 0.0478, Val Acc: 0.8167
2025-07-03 12:22:48,893 - src.gnn_models - INFO - Epoch 090, Loss: 0.0455, Val Acc: 0.8192
2025-07-03 12:22:48,992 - src.gnn_models - INFO - Epoch 100, Loss: 0.0397, Val Acc: 0.8180
2025-07-03 12:22:49,090 - src.gnn_models - INFO - Epoch 110, Loss: 0.0417, Val Acc: 0.8130
2025-07-03 12:22:49,192 - src.gnn_models - INFO - Epoch 120, Loss: 0.0375, Val Acc: 0.8180
2025-07-03 12:22:49,291 - src.gnn_models - INFO - Epoch 130, Loss: 0.0356, Val Acc: 0.8167
2025-07-03 12:22:49,391 - src.gnn_models - INFO - Epoch 140, Loss: 0.0316, Val Acc: 0.8118
2025-07-03 12:22:49,490 - src.gnn_models - INFO - Epoch 150, Loss: 0.0227, Val Acc: 0.8143
2025-07-03 12:22:49,592 - src.gnn_models - INFO - Epoch 160, Loss: 0.0220, Val Acc: 0.8093
2025-07-03 12:22:49,692 - src.gnn_models - INFO - Epoch 170, Loss: 0.0268, Val Acc: 0.8143
2025-07-03 12:22:49,791 - src.gnn_models - INFO - Epoch 180, Loss: 0.0190, Val Acc: 0.8155
2025-07-03 12:22:49,891 - src.gnn_models - INFO - Epoch 190, Loss: 0.0172, Val Acc: 0.8081
2025-07-03 12:22:49,982 - __main__ - INFO - GAT semi-supervised training completed
2025-07-03 12:22:49,982 - __main__ - INFO - Evaluating results...
2025-07-03 12:22:50,955 - src.neo4j_manager - INFO - Updated 2708 nodes with GNN predictions
2025-07-03 12:22:50,960 - __main__ - INFO - Best GNN method (gat_semi_supervised) results written to Neo4j
2025-07-03 12:22:50,961 - __main__ - INFO - Creating visualizations...
2025-07-03 12:22:58,028 - src.neo4j_manager - INFO - Retrieved 2708 nodes and 5429 edges
2025-07-03 12:22:58,063 - src.visualization - INFO - Sampling 1000 edges from 5429 for visualization
2025-07-03 12:23:33,781 - src.visualization - INFO - Sampling 1000 edges from 5429 for visualization
2025-07-03 12:23:51,359 - src.visualization - INFO - Results summary saved to /Users/emre/code/projects/ege-uni/community-detection-graph/results
2025-07-03 12:23:51,363 - src.neo4j_manager - INFO - Graph projection cleaned up
2025-07-03 12:23:51,367 - neo4j.notifications - WARNING - Received notification from DBMS server: {severity: WARNING} {code: Neo.ClientNotification.Statement.FeatureDeprecationWarning} {category: DEPRECATION} {title: This feature is deprecated and will be removed in future versions.} {description: The query used a deprecated field from a procedure. ('schema' returned by 'gds.graph.drop' is deprecated.)} {position: line: 1, column: 1, offset: 0} for query: "CALL gds.graph.drop('cora-graph')"
2025-07-03 12:23:51,367 - src.neo4j_manager - INFO - Neo4j connection closed
2025-07-03 12:23:51,367 - __main__ - INFO - === FINAL RESULTS ===
2025-07-03 12:23:51,367 - __main__ - INFO - Louvain:
2025-07-03 12:23:51,367 - __main__ - INFO -   ARI: 0.2302
2025-07-03 12:23:51,367 - __main__ - INFO -   NMI: 0.4493
2025-07-03 12:23:51,367 - __main__ - INFO -   Communities: 103
2025-07-03 12:23:51,367 - __main__ - INFO - Label_Propagation:
2025-07-03 12:23:51,367 - __main__ - INFO -   ARI: 0.1464
2025-07-03 12:23:51,367 - __main__ - INFO -   NMI: 0.3830
2025-07-03 12:23:51,367 - __main__ - INFO -   Communities: 224
2025-07-03 12:23:51,367 - __main__ - INFO - gcn_unsupervised:
2025-07-03 12:23:51,367 - __main__ - INFO -   ARI: 0.0804
2025-07-03 12:23:51,367 - __main__ - INFO -   NMI: 0.3698
2025-07-03 12:23:51,367 - __main__ - INFO -   Communities: 103
2025-07-03 12:23:51,367 - __main__ - INFO - gcn_semi_supervised:
2025-07-03 12:23:51,367 - __main__ - INFO -   ARI: 0.8577
2025-07-03 12:23:51,367 - __main__ - INFO -   NMI: 0.8179
2025-07-03 12:23:51,367 - __main__ - INFO -   Communities: 7
2025-07-03 12:23:51,367 - __main__ - INFO - sage_unsupervised:
2025-07-03 12:23:51,367 - __main__ - INFO -   ARI: 0.0712
2025-07-03 12:23:51,367 - __main__ - INFO -   NMI: 0.3620
2025-07-03 12:23:51,367 - __main__ - INFO -   Communities: 103
2025-07-03 12:23:51,367 - __main__ - INFO - sage_semi_supervised:
2025-07-03 12:23:51,367 - __main__ - INFO -   ARI: 0.8498
2025-07-03 12:23:51,367 - __main__ - INFO -   NMI: 0.8128
2025-07-03 12:23:51,367 - __main__ - INFO -   Communities: 7
2025-07-03 12:23:51,368 - __main__ - INFO - gat_unsupervised:
2025-07-03 12:23:51,368 - __main__ - INFO -   ARI: 0.0788
2025-07-03 12:23:51,368 - __main__ - INFO -   NMI: 0.3778
2025-07-03 12:23:51,368 - __main__ - INFO -   Communities: 103
2025-07-03 12:23:51,368 - __main__ - INFO - gat_semi_supervised:
2025-07-03 12:23:51,368 - __main__ - INFO -   ARI: 0.8758
2025-07-03 12:23:51,368 - __main__ - INFO -   NMI: 0.8367
2025-07-03 12:23:51,368 - __main__ - INFO -   Communities: 7
2025-07-03 12:23:51,368 - __main__ - INFO - Community Detection project completed successfully!
2025-07-03 12:46:43,079 - __main__ - INFO - Starting Community Detection project...
2025-07-03 12:46:43,080 - __main__ - INFO - Setting up Cora dataset...
2025-07-03 12:46:43,080 - src.data_loader - INFO - Cora dataset already exists
2025-07-03 12:46:43,151 - src.data_loader - INFO - Loaded 2708 papers and 5429 citations
2025-07-03 12:46:43,563 - src.data_loader - INFO - Preprocessed data saved to /Users/emre/code/projects/ege-uni/community-detection-graph/data/cora/cora.content and /Users/emre/code/projects/ege-uni/community-detection-graph/data/cora/cora.cites
2025-07-03 12:46:43,564 - src.data_loader - INFO - Cora dataset already exists
2025-07-03 12:46:43,622 - src.data_loader - INFO - Loaded 2708 papers and 5429 citations
2025-07-03 12:46:43,624 - __main__ - INFO - Dataset info: {'classes': ['Neural_Networks', 'Probabilistic_Methods', 'Genetic_Algorithms', 'Theory', 'Case_Based', 'Reinforcement_Learning', 'Rule_Learning'], 'counts': [818, 426, 418, 351, 298, 217, 180], 'num_classes': 7}
2025-07-03 12:46:43,640 - src.neo4j_manager - INFO - Successfully connected to Neo4j database
2025-07-03 12:46:43,640 - __main__ - INFO - Running classical community detection algorithms...
2025-07-03 12:46:43,640 - __main__ - INFO - Loading data into Neo4j...
2025-07-03 12:46:43,648 - src.neo4j_manager - INFO - Database cleared
2025-07-03 12:46:46,956 - src.neo4j_manager - INFO - Loaded 2708 papers and 5429 citations
2025-07-03 12:46:46,956 - __main__ - INFO - Running Louvain algorithm...
2025-07-03 12:46:46,959 - src.neo4j_manager - INFO - No existing cora-graph projection to drop
2025-07-03 12:46:48,794 - src.neo4j_manager - INFO - Louvain algorithm completed: <Record communityCount=105 modularities=[0.5629326328208608, 0.7799029322107545, 0.8186131314671105, 0.8207076695048365]>
2025-07-03 12:46:48,794 - __main__ - INFO - Running Label Propagation algorithm...
2025-07-03 12:46:48,817 - src.neo4j_manager - INFO - Label Propagation completed: <Record communityCount=224 ranIterations=8>
2025-07-03 12:46:48,818 - __main__ - INFO - Classical algorithms completed
2025-07-03 12:46:48,921 - src.neo4j_manager - INFO - Retrieved 2708 nodes and 5429 edges
2025-07-03 12:46:48,922 - __main__ - INFO - Preparing PyTorch data...
2025-07-03 12:46:48,922 - src.data_loader - INFO - Cora dataset already exists
2025-07-03 12:46:48,980 - src.data_loader - INFO - Loaded 2708 papers and 5429 citations
2025-07-03 12:46:49,023 - src.data_loader - INFO - PyTorch data: 2708 nodes, 1433 features, 5429 edges, 7 classes
2025-07-03 12:46:49,057 - __main__ - INFO - PyTorch data prepared: Data(x=[2708, 1433], edge_index=[2, 5429], y=[2708], paper_ids=[2708], louvain_communities=[2708], lpa_communities=[2708])
2025-07-03 12:46:49,057 - __main__ - INFO - Running GNN experiments...
2025-07-03 12:46:49,057 - __main__ - INFO - Using device: cpu
2025-07-03 12:46:49,060 - __main__ - INFO - Number of communities - Louvain: 105, LPA: 224, True classes: 7
2025-07-03 12:46:49,060 - __main__ - INFO - Training GCN model...
2025-07-03 12:46:49,120 - src.gnn_models - INFO - Epoch 000, Loss: 1.3475
2025-07-03 12:46:49,557 - src.gnn_models - INFO - Epoch 050, Loss: 1.2612
2025-07-03 12:46:49,986 - src.gnn_models - INFO - Epoch 100, Loss: 1.2502
2025-07-03 12:46:50,422 - src.gnn_models - INFO - Epoch 150, Loss: 1.2420
2025-07-03 12:46:50,915 - __main__ - INFO - GCN unsupervised training completed
2025-07-03 12:46:50,934 - src.gnn_models - INFO - Epoch 000, Loss: 2.0925, Val Acc: 0.3727
2025-07-03 12:46:51,025 - src.gnn_models - INFO - Epoch 010, Loss: 0.6453, Val Acc: 0.8266
2025-07-03 12:46:51,117 - src.gnn_models - INFO - Epoch 020, Loss: 0.2877, Val Acc: 0.8401
2025-07-03 12:46:51,187 - src.gnn_models - INFO - Epoch 030, Loss: 0.2000, Val Acc: 0.8241
2025-07-03 12:46:51,258 - src.gnn_models - INFO - Epoch 040, Loss: 0.1349, Val Acc: 0.8130
2025-07-03 12:46:51,329 - src.gnn_models - INFO - Epoch 050, Loss: 0.1139, Val Acc: 0.8093
2025-07-03 12:46:51,398 - src.gnn_models - INFO - Epoch 060, Loss: 0.0902, Val Acc: 0.8143
2025-07-03 12:46:51,468 - src.gnn_models - INFO - Epoch 070, Loss: 0.0793, Val Acc: 0.8032
2025-07-03 12:46:51,539 - src.gnn_models - INFO - Epoch 080, Loss: 0.0669, Val Acc: 0.8007
2025-07-03 12:46:51,608 - src.gnn_models - INFO - Epoch 090, Loss: 0.0582, Val Acc: 0.7934
2025-07-03 12:46:51,678 - src.gnn_models - INFO - Epoch 100, Loss: 0.0511, Val Acc: 0.7946
2025-07-03 12:46:51,749 - src.gnn_models - INFO - Epoch 110, Loss: 0.0512, Val Acc: 0.7983
2025-07-03 12:46:51,820 - src.gnn_models - INFO - Epoch 120, Loss: 0.0505, Val Acc: 0.7921
2025-07-03 12:46:51,889 - src.gnn_models - INFO - Epoch 130, Loss: 0.0435, Val Acc: 0.7921
2025-07-03 12:46:51,960 - src.gnn_models - INFO - Epoch 140, Loss: 0.0461, Val Acc: 0.7921
2025-07-03 12:46:52,031 - src.gnn_models - INFO - Epoch 150, Loss: 0.0408, Val Acc: 0.7860
2025-07-03 12:46:52,100 - src.gnn_models - INFO - Epoch 160, Loss: 0.0431, Val Acc: 0.7835
2025-07-03 12:46:52,170 - src.gnn_models - INFO - Epoch 170, Loss: 0.0304, Val Acc: 0.7884
2025-07-03 12:46:52,242 - src.gnn_models - INFO - Epoch 180, Loss: 0.0366, Val Acc: 0.7897
2025-07-03 12:46:52,313 - src.gnn_models - INFO - Epoch 190, Loss: 0.0353, Val Acc: 0.7884
2025-07-03 12:46:52,375 - __main__ - INFO - GCN semi-supervised training completed
2025-07-03 12:46:52,375 - __main__ - INFO - Training SAGE model...
2025-07-03 12:46:52,408 - src.gnn_models - INFO - Epoch 000, Loss: 1.3914
2025-07-03 12:46:53,006 - src.gnn_models - INFO - Epoch 050, Loss: 1.2679
2025-07-03 12:46:53,599 - src.gnn_models - INFO - Epoch 100, Loss: 1.2549
2025-07-03 12:46:54,196 - src.gnn_models - INFO - Epoch 150, Loss: 1.2468
2025-07-03 12:46:54,809 - __main__ - INFO - SAGE unsupervised training completed
2025-07-03 12:46:54,830 - src.gnn_models - INFO - Epoch 000, Loss: 2.1101, Val Acc: 0.1255
2025-07-03 12:46:54,963 - src.gnn_models - INFO - Epoch 010, Loss: 0.5335, Val Acc: 0.8007
2025-07-03 12:46:55,075 - src.gnn_models - INFO - Epoch 020, Loss: 0.1794, Val Acc: 0.8093
2025-07-03 12:46:55,179 - src.gnn_models - INFO - Epoch 030, Loss: 0.0800, Val Acc: 0.7983
2025-07-03 12:46:55,283 - src.gnn_models - INFO - Epoch 040, Loss: 0.0586, Val Acc: 0.7897
2025-07-03 12:46:55,386 - src.gnn_models - INFO - Epoch 050, Loss: 0.0351, Val Acc: 0.7860
2025-07-03 12:46:55,492 - src.gnn_models - INFO - Epoch 060, Loss: 0.0252, Val Acc: 0.7823
2025-07-03 12:46:55,596 - src.gnn_models - INFO - Epoch 070, Loss: 0.0258, Val Acc: 0.7897
2025-07-03 12:46:55,701 - src.gnn_models - INFO - Epoch 080, Loss: 0.0216, Val Acc: 0.7934
2025-07-03 12:46:55,806 - src.gnn_models - INFO - Epoch 090, Loss: 0.0135, Val Acc: 0.7934
2025-07-03 12:46:55,911 - src.gnn_models - INFO - Epoch 100, Loss: 0.0140, Val Acc: 0.7934
2025-07-03 12:46:56,014 - src.gnn_models - INFO - Epoch 110, Loss: 0.0178, Val Acc: 0.7847
2025-07-03 12:46:56,117 - src.gnn_models - INFO - Epoch 120, Loss: 0.0238, Val Acc: 0.7823
2025-07-03 12:46:56,220 - src.gnn_models - INFO - Epoch 130, Loss: 0.0145, Val Acc: 0.7786
2025-07-03 12:46:56,323 - src.gnn_models - INFO - Epoch 140, Loss: 0.0148, Val Acc: 0.7786
2025-07-03 12:46:56,426 - src.gnn_models - INFO - Epoch 150, Loss: 0.0110, Val Acc: 0.7798
2025-07-03 12:46:56,531 - src.gnn_models - INFO - Epoch 160, Loss: 0.0087, Val Acc: 0.7884
2025-07-03 12:46:56,636 - src.gnn_models - INFO - Epoch 170, Loss: 0.0160, Val Acc: 0.7860
2025-07-03 12:46:56,741 - src.gnn_models - INFO - Epoch 180, Loss: 0.0154, Val Acc: 0.7835
2025-07-03 12:46:56,844 - src.gnn_models - INFO - Epoch 190, Loss: 0.0117, Val Acc: 0.7909
2025-07-03 12:46:56,938 - __main__ - INFO - SAGE semi-supervised training completed
2025-07-03 12:46:56,938 - __main__ - INFO - Training GAT model...
2025-07-03 12:46:56,972 - src.gnn_models - INFO - Epoch 000, Loss: 1.3491
2025-07-03 12:46:57,549 - src.gnn_models - INFO - Epoch 050, Loss: 1.2586
2025-07-03 12:46:58,125 - src.gnn_models - INFO - Epoch 100, Loss: 1.2466
2025-07-03 12:46:58,704 - src.gnn_models - INFO - Epoch 150, Loss: 1.2435
2025-07-03 12:46:59,311 - __main__ - INFO - GAT unsupervised training completed
2025-07-03 12:46:59,331 - src.gnn_models - INFO - Epoch 000, Loss: 2.0229, Val Acc: 0.2288
2025-07-03 12:46:59,458 - src.gnn_models - INFO - Epoch 010, Loss: 0.6524, Val Acc: 0.7983
2025-07-03 12:46:59,571 - src.gnn_models - INFO - Epoch 020, Loss: 0.2603, Val Acc: 0.8389
2025-07-03 12:46:59,671 - src.gnn_models - INFO - Epoch 030, Loss: 0.1437, Val Acc: 0.8290
2025-07-03 12:46:59,770 - src.gnn_models - INFO - Epoch 040, Loss: 0.1134, Val Acc: 0.8180
2025-07-03 12:46:59,870 - src.gnn_models - INFO - Epoch 050, Loss: 0.0801, Val Acc: 0.8216
2025-07-03 12:46:59,969 - src.gnn_models - INFO - Epoch 060, Loss: 0.0593, Val Acc: 0.8118
2025-07-03 12:47:00,079 - src.gnn_models - INFO - Epoch 070, Loss: 0.0546, Val Acc: 0.8081
2025-07-03 12:47:00,179 - src.gnn_models - INFO - Epoch 080, Loss: 0.0512, Val Acc: 0.8069
2025-07-03 12:47:00,282 - src.gnn_models - INFO - Epoch 090, Loss: 0.0373, Val Acc: 0.8032
2025-07-03 12:47:00,381 - src.gnn_models - INFO - Epoch 100, Loss: 0.0307, Val Acc: 0.8020
2025-07-03 12:47:00,481 - src.gnn_models - INFO - Epoch 110, Loss: 0.0440, Val Acc: 0.8069
2025-07-03 12:47:00,583 - src.gnn_models - INFO - Epoch 120, Loss: 0.0280, Val Acc: 0.8106
2025-07-03 12:47:00,682 - src.gnn_models - INFO - Epoch 130, Loss: 0.0393, Val Acc: 0.8057
2025-07-03 12:47:00,784 - src.gnn_models - INFO - Epoch 140, Loss: 0.0264, Val Acc: 0.8081
2025-07-03 12:47:00,883 - src.gnn_models - INFO - Epoch 150, Loss: 0.0265, Val Acc: 0.8106
2025-07-03 12:47:00,982 - src.gnn_models - INFO - Epoch 160, Loss: 0.0253, Val Acc: 0.8081
2025-07-03 12:47:01,083 - src.gnn_models - INFO - Epoch 170, Loss: 0.0307, Val Acc: 0.8081
2025-07-03 12:47:01,183 - src.gnn_models - INFO - Epoch 180, Loss: 0.0246, Val Acc: 0.8020
2025-07-03 12:47:01,283 - src.gnn_models - INFO - Epoch 190, Loss: 0.0225, Val Acc: 0.8106
2025-07-03 12:47:01,373 - __main__ - INFO - GAT semi-supervised training completed
2025-07-03 12:47:01,373 - __main__ - INFO - Evaluating results...
2025-07-03 12:47:02,348 - src.neo4j_manager - INFO - Updated 2708 nodes with GNN predictions
2025-07-03 12:47:02,354 - __main__ - INFO - Best GNN method (gat_semi_supervised) results written to Neo4j
2025-07-03 12:47:02,354 - __main__ - INFO - Creating visualizations...
2025-07-03 13:43:27,789 - src.neo4j_manager - INFO - Neo4j connection closed
2025-07-03 13:44:36,125 - __main__ - INFO - Starting Community Detection project...
2025-07-03 13:44:36,125 - __main__ - INFO - Setting up Cora dataset...
2025-07-03 13:44:36,125 - src.data_loader - INFO - Cora dataset already exists
2025-07-03 13:44:36,184 - src.data_loader - INFO - Loaded 2708 papers and 5429 citations
2025-07-03 13:44:36,591 - src.data_loader - INFO - Preprocessed data saved to /Users/emre/code/projects/ege-uni/community-detection-graph/data/cora/cora.content and /Users/emre/code/projects/ege-uni/community-detection-graph/data/cora/cora.cites
2025-07-03 13:44:36,592 - src.data_loader - INFO - Cora dataset already exists
2025-07-03 13:44:36,651 - src.data_loader - INFO - Loaded 2708 papers and 5429 citations
2025-07-03 13:44:36,651 - __main__ - INFO - Dataset info: {'classes': ['Neural_Networks', 'Probabilistic_Methods', 'Genetic_Algorithms', 'Theory', 'Case_Based', 'Reinforcement_Learning', 'Rule_Learning'], 'counts': [818, 426, 418, 351, 298, 217, 180], 'num_classes': 7}
2025-07-03 13:44:36,674 - src.neo4j_manager - INFO - Successfully connected to Neo4j database
2025-07-03 13:44:36,674 - __main__ - INFO - Running classical community detection algorithms...
2025-07-03 13:44:36,674 - __main__ - INFO - Loading data into Neo4j...
2025-07-03 13:44:36,682 - src.neo4j_manager - INFO - Database cleared
2025-07-03 13:44:40,419 - src.neo4j_manager - INFO - Loaded 2708 papers and 5429 citations
2025-07-03 13:44:40,420 - __main__ - INFO - Running Louvain algorithm...
2025-07-03 13:44:40,424 - src.neo4j_manager - INFO - Dropped existing cora-graph projection
2025-07-03 13:44:42,581 - src.neo4j_manager - INFO - Louvain algorithm completed: <Record communityCount=102 modularities=[0.5304574116592969, 0.7682649793423305, 0.8175300088644106, 0.8190472931757136]>
2025-07-03 13:44:42,581 - __main__ - INFO - Running Label Propagation algorithm...
2025-07-03 13:44:42,605 - src.neo4j_manager - INFO - Label Propagation completed: <Record communityCount=224 ranIterations=8>
2025-07-03 13:44:42,605 - __main__ - INFO - Classical algorithms completed
2025-07-03 13:44:42,710 - src.neo4j_manager - INFO - Retrieved 2708 nodes and 5429 edges
2025-07-03 13:44:42,710 - __main__ - INFO - Preparing PyTorch data...
2025-07-03 13:44:42,710 - src.data_loader - INFO - Cora dataset already exists
2025-07-03 13:44:42,770 - src.data_loader - INFO - Loaded 2708 papers and 5429 citations
2025-07-03 13:44:42,814 - src.data_loader - INFO - PyTorch data: 2708 nodes, 1433 features, 5429 edges, 7 classes
2025-07-03 13:44:42,848 - __main__ - INFO - PyTorch data prepared: Data(x=[2708, 1433], edge_index=[2, 5429], y=[2708], paper_ids=[2708], louvain_communities=[2708], lpa_communities=[2708])
2025-07-03 13:44:42,848 - __main__ - INFO - Running GNN experiments...
2025-07-03 13:44:42,848 - __main__ - INFO - Using device: cpu
2025-07-03 13:44:42,849 - __main__ - INFO - Number of communities - Louvain: 102, LPA: 224, True classes: 7
2025-07-03 13:44:42,849 - __main__ - INFO - Training GCN model...
2025-07-03 13:44:42,889 - src.gnn_models - INFO - Epoch 000, Loss: 1.3431
2025-07-03 13:44:43,347 - src.gnn_models - INFO - Epoch 050, Loss: 1.2634
2025-07-03 13:44:43,804 - src.gnn_models - INFO - Epoch 100, Loss: 1.2524
2025-07-03 13:44:44,261 - src.gnn_models - INFO - Epoch 150, Loss: 1.2454
2025-07-03 13:44:44,783 - __main__ - INFO - GCN unsupervised training completed
2025-07-03 13:44:44,799 - src.gnn_models - INFO - Epoch 000, Loss: 2.0881, Val Acc: 0.4034
2025-07-03 13:44:44,894 - src.gnn_models - INFO - Epoch 010, Loss: 0.6168, Val Acc: 0.8069
2025-07-03 13:44:44,991 - src.gnn_models - INFO - Epoch 020, Loss: 0.2855, Val Acc: 0.8327
2025-07-03 13:44:45,066 - src.gnn_models - INFO - Epoch 030, Loss: 0.1727, Val Acc: 0.8155
2025-07-03 13:44:45,140 - src.gnn_models - INFO - Epoch 040, Loss: 0.1433, Val Acc: 0.8130
2025-07-03 13:44:45,214 - src.gnn_models - INFO - Epoch 050, Loss: 0.1129, Val Acc: 0.8106
2025-07-03 13:44:45,288 - src.gnn_models - INFO - Epoch 060, Loss: 0.1033, Val Acc: 0.8044
2025-07-03 13:44:45,361 - src.gnn_models - INFO - Epoch 070, Loss: 0.0773, Val Acc: 0.8081
2025-07-03 13:44:45,431 - src.gnn_models - INFO - Epoch 080, Loss: 0.0800, Val Acc: 0.7995
2025-07-03 13:44:45,504 - src.gnn_models - INFO - Epoch 090, Loss: 0.0573, Val Acc: 0.8020
2025-07-03 13:44:45,577 - src.gnn_models - INFO - Epoch 100, Loss: 0.0580, Val Acc: 0.8069
2025-07-03 13:44:45,648 - src.gnn_models - INFO - Epoch 110, Loss: 0.0576, Val Acc: 0.8007
2025-07-03 13:44:45,723 - src.gnn_models - INFO - Epoch 120, Loss: 0.0463, Val Acc: 0.7983
2025-07-03 13:44:45,796 - src.gnn_models - INFO - Epoch 130, Loss: 0.0467, Val Acc: 0.7897
2025-07-03 13:44:45,867 - src.gnn_models - INFO - Epoch 140, Loss: 0.0455, Val Acc: 0.7897
2025-07-03 13:44:45,941 - src.gnn_models - INFO - Epoch 150, Loss: 0.0472, Val Acc: 0.7946
2025-07-03 13:44:46,015 - src.gnn_models - INFO - Epoch 160, Loss: 0.0401, Val Acc: 0.7884
2025-07-03 13:44:46,091 - src.gnn_models - INFO - Epoch 170, Loss: 0.0420, Val Acc: 0.7909
2025-07-03 13:44:46,166 - src.gnn_models - INFO - Epoch 180, Loss: 0.0287, Val Acc: 0.7909
2025-07-03 13:44:46,242 - src.gnn_models - INFO - Epoch 190, Loss: 0.0393, Val Acc: 0.7860
2025-07-03 13:44:46,309 - __main__ - INFO - GCN semi-supervised training completed
2025-07-03 13:44:46,310 - __main__ - INFO - Training SAGE model...
2025-07-03 13:44:46,342 - src.gnn_models - INFO - Epoch 000, Loss: 1.3943
2025-07-03 13:44:46,969 - src.gnn_models - INFO - Epoch 050, Loss: 1.2669
2025-07-03 13:44:47,594 - src.gnn_models - INFO - Epoch 100, Loss: 1.2521
2025-07-03 13:44:48,223 - src.gnn_models - INFO - Epoch 150, Loss: 1.2425
2025-07-03 13:44:48,879 - __main__ - INFO - SAGE unsupervised training completed
2025-07-03 13:44:48,902 - src.gnn_models - INFO - Epoch 000, Loss: 2.1031, Val Acc: 0.2497
2025-07-03 13:44:49,043 - src.gnn_models - INFO - Epoch 010, Loss: 0.5567, Val Acc: 0.7847
2025-07-03 13:44:49,162 - src.gnn_models - INFO - Epoch 020, Loss: 0.1727, Val Acc: 0.8032
2025-07-03 13:44:49,273 - src.gnn_models - INFO - Epoch 030, Loss: 0.0696, Val Acc: 0.7946
2025-07-03 13:44:49,381 - src.gnn_models - INFO - Epoch 040, Loss: 0.0477, Val Acc: 0.7946
2025-07-03 13:44:49,488 - src.gnn_models - INFO - Epoch 050, Loss: 0.0370, Val Acc: 0.7934
2025-07-03 13:44:49,594 - src.gnn_models - INFO - Epoch 060, Loss: 0.0275, Val Acc: 0.7872
2025-07-03 13:44:49,702 - src.gnn_models - INFO - Epoch 070, Loss: 0.0283, Val Acc: 0.7970
2025-07-03 13:44:49,812 - src.gnn_models - INFO - Epoch 080, Loss: 0.0153, Val Acc: 0.7958
2025-07-03 13:44:49,926 - src.gnn_models - INFO - Epoch 090, Loss: 0.0194, Val Acc: 0.7934
2025-07-03 13:44:50,038 - src.gnn_models - INFO - Epoch 100, Loss: 0.0172, Val Acc: 0.8020
2025-07-03 13:44:50,147 - src.gnn_models - INFO - Epoch 110, Loss: 0.0165, Val Acc: 0.7995
2025-07-03 13:44:50,260 - src.gnn_models - INFO - Epoch 120, Loss: 0.0164, Val Acc: 0.7884
2025-07-03 13:44:50,371 - src.gnn_models - INFO - Epoch 130, Loss: 0.0128, Val Acc: 0.7884
2025-07-03 13:44:50,483 - src.gnn_models - INFO - Epoch 140, Loss: 0.0099, Val Acc: 0.7958
2025-07-03 13:44:50,596 - src.gnn_models - INFO - Epoch 150, Loss: 0.0177, Val Acc: 0.7970
2025-07-03 13:44:50,707 - src.gnn_models - INFO - Epoch 160, Loss: 0.0194, Val Acc: 0.7860
2025-07-03 13:44:50,817 - src.gnn_models - INFO - Epoch 170, Loss: 0.0114, Val Acc: 0.7934
2025-07-03 13:44:50,928 - src.gnn_models - INFO - Epoch 180, Loss: 0.0134, Val Acc: 0.7958
2025-07-03 13:44:51,040 - src.gnn_models - INFO - Epoch 190, Loss: 0.0123, Val Acc: 0.7958
2025-07-03 13:44:51,142 - __main__ - INFO - SAGE semi-supervised training completed
2025-07-03 13:44:51,142 - __main__ - INFO - Training GAT model...
2025-07-03 13:44:51,176 - src.gnn_models - INFO - Epoch 000, Loss: 1.3451
2025-07-03 13:44:51,786 - src.gnn_models - INFO - Epoch 050, Loss: 1.2578
2025-07-03 13:44:52,392 - src.gnn_models - INFO - Epoch 100, Loss: 1.2434
2025-07-03 13:44:52,983 - src.gnn_models - INFO - Epoch 150, Loss: 1.2403
2025-07-03 13:44:53,594 - __main__ - INFO - GAT unsupervised training completed
2025-07-03 13:44:53,613 - src.gnn_models - INFO - Epoch 000, Loss: 2.0733, Val Acc: 0.3653
2025-07-03 13:44:53,739 - src.gnn_models - INFO - Epoch 010, Loss: 0.6671, Val Acc: 0.8229
2025-07-03 13:44:53,851 - src.gnn_models - INFO - Epoch 020, Loss: 0.2639, Val Acc: 0.8462
2025-07-03 13:44:53,954 - src.gnn_models - INFO - Epoch 030, Loss: 0.1442, Val Acc: 0.8339
2025-07-03 13:44:54,056 - src.gnn_models - INFO - Epoch 040, Loss: 0.1095, Val Acc: 0.8278
2025-07-03 13:44:54,157 - src.gnn_models - INFO - Epoch 050, Loss: 0.0789, Val Acc: 0.8241
2025-07-03 13:44:54,259 - src.gnn_models - INFO - Epoch 060, Loss: 0.0639, Val Acc: 0.8180
2025-07-03 13:44:54,364 - src.gnn_models - INFO - Epoch 070, Loss: 0.0587, Val Acc: 0.8192
2025-07-03 13:44:54,470 - src.gnn_models - INFO - Epoch 080, Loss: 0.0347, Val Acc: 0.8192
2025-07-03 13:44:54,574 - src.gnn_models - INFO - Epoch 090, Loss: 0.0343, Val Acc: 0.8155
2025-07-03 13:44:54,678 - src.gnn_models - INFO - Epoch 100, Loss: 0.0421, Val Acc: 0.8106
2025-07-03 13:44:54,780 - src.gnn_models - INFO - Epoch 110, Loss: 0.0351, Val Acc: 0.8044
2025-07-03 13:44:54,883 - src.gnn_models - INFO - Epoch 120, Loss: 0.0336, Val Acc: 0.8044
2025-07-03 13:44:54,984 - src.gnn_models - INFO - Epoch 130, Loss: 0.0327, Val Acc: 0.8081
2025-07-03 13:44:55,089 - src.gnn_models - INFO - Epoch 140, Loss: 0.0291, Val Acc: 0.8093
2025-07-03 13:44:55,193 - src.gnn_models - INFO - Epoch 150, Loss: 0.0221, Val Acc: 0.8093
2025-07-03 13:44:55,295 - src.gnn_models - INFO - Epoch 160, Loss: 0.0163, Val Acc: 0.8106
2025-07-03 13:44:55,402 - src.gnn_models - INFO - Epoch 170, Loss: 0.0170, Val Acc: 0.8118
2025-07-03 13:44:55,503 - src.gnn_models - INFO - Epoch 180, Loss: 0.0122, Val Acc: 0.8057
2025-07-03 13:44:55,605 - src.gnn_models - INFO - Epoch 190, Loss: 0.0156, Val Acc: 0.8069
2025-07-03 13:44:55,695 - __main__ - INFO - GAT semi-supervised training completed
2025-07-03 13:44:55,696 - __main__ - INFO - Evaluating results...
2025-07-03 13:44:56,669 - src.neo4j_manager - INFO - Updated 2708 nodes with GNN predictions
2025-07-03 13:44:56,675 - __main__ - INFO - Best GNN method (gat_semi_supervised) results written to Neo4j
2025-07-03 13:44:56,675 - __main__ - INFO - Creating visualizations...
2025-07-03 13:47:46,517 - src.neo4j_manager - INFO - Retrieved 2708 nodes and 5429 edges
2025-07-03 13:47:46,551 - src.visualization - INFO - Sampling 1000 edges from 5429 for visualization
2025-07-03 13:48:21,892 - src.visualization - INFO - Sampling 1000 edges from 5429 for visualization
2025-07-03 13:48:39,740 - src.visualization - INFO - Results summary saved to /Users/emre/code/projects/ege-uni/community-detection-graph/results
2025-07-03 13:48:39,745 - src.neo4j_manager - INFO - Graph projection cleaned up
2025-07-03 13:48:39,749 - neo4j.notifications - WARNING - Received notification from DBMS server: {severity: WARNING} {code: Neo.ClientNotification.Statement.FeatureDeprecationWarning} {category: DEPRECATION} {title: This feature is deprecated and will be removed in future versions.} {description: The query used a deprecated field from a procedure. ('schema' returned by 'gds.graph.drop' is deprecated.)} {position: line: 1, column: 1, offset: 0} for query: "CALL gds.graph.drop('cora-graph')"
2025-07-03 13:48:39,749 - src.neo4j_manager - INFO - Neo4j connection closed
2025-07-03 13:48:39,749 - __main__ - INFO - === FINAL RESULTS ===
2025-07-03 13:48:39,749 - __main__ - INFO - Louvain:
2025-07-03 13:48:39,749 - __main__ - INFO -   ARI: 0.2375
2025-07-03 13:48:39,750 - __main__ - INFO -   NMI: 0.4560
2025-07-03 13:48:39,750 - __main__ - INFO -   Communities: 102
2025-07-03 13:48:39,750 - __main__ - INFO - Label_Propagation:
2025-07-03 13:48:39,750 - __main__ - INFO -   ARI: 0.1464
2025-07-03 13:48:39,750 - __main__ - INFO -   NMI: 0.3830
2025-07-03 13:48:39,750 - __main__ - INFO -   Communities: 224
2025-07-03 13:48:39,750 - __main__ - INFO - gcn_unsupervised:
2025-07-03 13:48:39,750 - __main__ - INFO -   ARI: 0.0761
2025-07-03 13:48:39,750 - __main__ - INFO -   NMI: 0.3485
2025-07-03 13:48:39,750 - __main__ - INFO -   Communities: 102
2025-07-03 13:48:39,750 - __main__ - INFO - gcn_semi_supervised:
2025-07-03 13:48:39,750 - __main__ - INFO -   ARI: 0.8584
2025-07-03 13:48:39,750 - __main__ - INFO -   NMI: 0.8147
2025-07-03 13:48:39,750 - __main__ - INFO -   Communities: 7
2025-07-03 13:48:39,750 - __main__ - INFO - sage_unsupervised:
2025-07-03 13:48:39,750 - __main__ - INFO -   ARI: 0.0711
2025-07-03 13:48:39,750 - __main__ - INFO -   NMI: 0.3636
2025-07-03 13:48:39,750 - __main__ - INFO -   Communities: 102
2025-07-03 13:48:39,750 - __main__ - INFO - sage_semi_supervised:
2025-07-03 13:48:39,750 - __main__ - INFO -   ARI: 0.8623
2025-07-03 13:48:39,750 - __main__ - INFO -   NMI: 0.8244
2025-07-03 13:48:39,750 - __main__ - INFO -   Communities: 7
2025-07-03 13:48:39,750 - __main__ - INFO - gat_unsupervised:
2025-07-03 13:48:39,750 - __main__ - INFO -   ARI: 0.0716
2025-07-03 13:48:39,750 - __main__ - INFO -   NMI: 0.3566
2025-07-03 13:48:39,750 - __main__ - INFO -   Communities: 102
2025-07-03 13:48:39,750 - __main__ - INFO - gat_semi_supervised:
2025-07-03 13:48:39,750 - __main__ - INFO -   ARI: 0.8700
2025-07-03 13:48:39,750 - __main__ - INFO -   NMI: 0.8331
2025-07-03 13:48:39,750 - __main__ - INFO -   Communities: 7
2025-07-03 13:48:39,750 - __main__ - INFO - Community Detection project completed successfully!
